127.0.0.1 - frank [5/Oct/2000:13:55:36 -0700] "GET /apache_pb.gif?foo=bar&baz=zip HTTP/1.0" 200 2326 "http://www.example.com/start.html" "Mozilla/4.08 [en] (Win98; I ;Nav)"
